  （论文尺：原始触发器 + 各客户端自己 test loader）
[analysis_exp1] ASR 口径 = asr_paper_all
[analysis_exp1] 29 个 run，1160 个评估行

=== ASR >= 0.5 的越过点 ===
                                        run_id  seed  bad_client_num  poison_rate     schedule  level  crossed  final_asr  round_at_cross  mta_at_cross  loss_at_cross
       fedavg_attack_a0.5_s0_e1_bad1_rho0p1_s0     0               1         0.10   continuous    0.5    False   0.269886             NaN           NaN            NaN
       fedavg_attack_a0.5_s0_e1_bad1_rho0p5_s0     0               1         0.50   continuous    0.5    False        NaN             NaN           NaN            NaN
       fedavg_attack_a0.5_s1_e1_bad1_rho0p5_s1     1               1         0.50   continuous    0.5    False        NaN             NaN           NaN            NaN
       fedavg_attack_a0.5_s0_e1_bad2_rho0p1_s0     0               2         0.10   continuous    0.5     True   0.436756           180.0       0.56965       1.592360
       fedavg_attack_a0.5_s0_e1_bad2_rho0p5_s0     0               2         0.50   continuous    0.5    False        NaN             NaN           NaN            NaN
       fedavg_attack_a0.5_s1_e1_bad2_rho0p5_s1     1               2         0.50   continuous    0.5    False        NaN             NaN           NaN            NaN
       fedavg_attack_a0.5_s0_e1_bad4_rho0p1_s0     0               4         0.10   continuous    0.5     True   0.587372           130.0       0.54850       1.489837
   fedavg_attack_a0.5_s0_e1b_schedafter_mta_s0     0               4         0.10    after_mta    0.5     True   0.587054           200.0       0.57075       1.754798
       fedavg_attack_a0.5_s0_e1b_schedburst_s0     0               4         0.10        burst    0.5    False   0.119898             NaN           NaN            NaN
  fedavg_attack_a0.5_s0_e1b_schedcontinuous_s0     0               4         0.10   continuous    0.5     True   0.587372           130.0       0.54850       1.489837
       fedavg_attack_a0.5_s0_e1b_schedearly_s0     0               4         0.10        early    0.5    False   0.103635             NaN           NaN            NaN
fedavg_attack_a0.5_s0_e1b_schedintermittent_s0     0               4         0.10 intermittent    0.5     True   0.311862           175.0       0.58190       1.486715
        fedavg_attack_a0.5_s0_e1b_schedlate_s0     0               4         0.10         late    0.5     True   0.724490           165.0       0.58990       1.376755
       fedavg_attack_a0.5_s1_e1_bad4_rho0p1_s1     1               4         0.10   continuous    0.5    False        NaN             NaN           NaN            NaN
      fedavg_attack_a0.5_s0_e1_bad4_rho0p25_s0     0               4         0.25   continuous    0.5     True   0.712372           130.0       0.54770       1.471064
      fedavg_attack_a0.5_s1_e1_bad4_rho0p25_s1     1               4         0.25   continuous    0.5    False        NaN             NaN           NaN            NaN
       fedavg_attack_a0.5_s0_e1_bad4_rho0p5_s0     0               4         0.50   continuous    0.5     True   0.468112           140.0       0.54785       1.466051
       fedavg_attack_a0.5_s1_e1_bad4_rho0p5_s1     1               4         0.50   continuous    0.5    False        NaN             NaN           NaN            NaN
   fedavg_attack_a0.5_s1_e1b_schedafter_mta_s1     1               4         0.50    after_mta    0.5    False        NaN             NaN           NaN            NaN
       fedavg_attack_a0.5_s1_e1b_schedburst_s1     1               4         0.50        burst    0.5    False        NaN             NaN           NaN            NaN
  fedavg_attack_a0.5_s1_e1b_schedcontinuous_s1     1               4         0.50   continuous    0.5    False        NaN             NaN           NaN            NaN
       fedavg_attack_a0.5_s1_e1b_schedearly_s1     1               4         0.50        early    0.5    False        NaN             NaN           NaN            NaN
fedavg_attack_a0.5_s1_e1b_schedintermittent_s1     1               4         0.50 intermittent    0.5    False        NaN             NaN           NaN            NaN
        fedavg_attack_a0.5_s1_e1b_schedlate_s1     1               4         0.50         late    0.5    False        NaN             NaN           NaN            NaN
       fedavg_attack_a0.5_s0_e1_bad4_rho1p0_s0     0               4         1.00   continuous    0.5    False   0.388393             NaN           NaN            NaN
       fedavg_attack_a0.5_s1_e1_bad4_rho1p0_s1     1               4         1.00   continuous    0.5    False        NaN             NaN           NaN            NaN
       fedavg_attack_a0.5_s0_e1_bad8_rho0p1_s0     0               8         0.10   continuous    0.5     True   0.823661            95.0       0.45945       1.776745
       fedavg_attack_a0.5_s0_e1_bad8_rho0p5_s0     0               8         0.50   continuous    0.5    False        NaN             NaN           NaN            NaN
       fedavg_attack_a0.5_s1_e1_bad8_rho0p5_s1     1               8         0.50   continuous    0.5    False        NaN             NaN           NaN            NaN

=== 阈值判据（相关性证据，**不是因果**）===
  n_runs                   29
  n_crossed                9
  n_never_crossed          20
  mta_at_cross_mean        0.5516
  mta_at_cross_std         0.03811
  round_at_cross_mean      149.4
  round_at_cross_std       32.73
  relative_spread_mta      0.07367
  relative_spread_round    0.1679
  未能确定：实测相对离散 0.074 与纯时间驱动的零假设 0.060 相当 —— MTA 看起来集中，只是因为 MTA(t) 在训练后期饱和，并不能说明它带来了轮次之外的信息。要分开必须用 1B 的调度变化。

=== 剂量-响应（尾部 3 个评估行）===
 bad_client_num  poison_rate  seed      asr      mta  n_tail
              1         0.10     0 0.310200 0.595233       3
              1         0.50     0      NaN 0.573283       3
              1         0.50     1      NaN 0.554083       3
              2         0.10     0 0.453373 0.558883       3
              2         0.50     0      NaN 0.582100       3
              2         0.50     1      NaN 0.558000       3
              4         0.10     0 0.619685 0.558517       3
              4         0.10     1      NaN 0.543633       3
              4         0.25     0 0.706952 0.582550       3
              4         0.25     1      NaN 0.548683       3
              4         0.50     0 0.491709 0.561667       3
              4         0.50     1      NaN 0.563700       3
              4         1.00     0 0.389987 0.572133       3
              4         1.00     1      NaN 0.539500       3
              8         0.10     0 0.820850 0.590950       3
              8         0.50     0      NaN 0.549483       3
              8         0.50     1      NaN 0.506750       3

=== 1B：起始 MTA vs 最终 ASR（识别策略）===
                                        run_id  seed     schedule  bad_client_num  poison_rate  mta_at_onset  round_at_onset  n_active_eval_rounds  final_asr  peak_asr
   fedavg_attack_a0.5_s0_e1b_schedafter_mta_s0     0    after_mta               4         0.10       0.58255           185.0                     4   0.587054  0.587054
   fedavg_attack_a0.5_s1_e1b_schedafter_mta_s1     1    after_mta               4         0.50           NaN             NaN                     0        NaN       NaN
       fedavg_attack_a0.5_s0_e1b_schedburst_s0     0        burst               4         0.10       0.31625            40.0                     4   0.119898  0.175064
       fedavg_attack_a0.5_s1_e1b_schedburst_s1     1        burst               4         0.50       0.30820            40.0                     4        NaN       NaN
       fedavg_attack_a0.5_s0_e1_bad1_rho0p1_s0     0   continuous               1         0.10       0.09945             5.0                    40   0.269886  0.364854
       fedavg_attack_a0.5_s0_e1_bad1_rho0p5_s0     0   continuous               1         0.50       0.09945             5.0                    40        NaN       NaN
       fedavg_attack_a0.5_s0_e1_bad2_rho0p1_s0     0   continuous               2         0.10       0.10145             5.0                    40   0.436756  0.549851
       fedavg_attack_a0.5_s0_e1_bad2_rho0p5_s0     0   continuous               2         0.50       0.10220             5.0                    40        NaN       NaN
       fedavg_attack_a0.5_s0_e1_bad4_rho0p1_s0     0   continuous               4         0.10       0.10145             5.0                    40   0.587372  0.787309
      fedavg_attack_a0.5_s0_e1_bad4_rho0p25_s0     0   continuous               4         0.25       0.10640             5.0                    40   0.712372  0.728954
       fedavg_attack_a0.5_s0_e1_bad4_rho0p5_s0     0   continuous               4         0.50       0.10220             5.0                    40   0.468112  0.544324
       fedavg_attack_a0.5_s0_e1_bad4_rho1p0_s0     0   continuous               4         1.00       0.11195             5.0                    40   0.388393  0.432717
       fedavg_attack_a0.5_s0_e1_bad8_rho0p1_s0     0   continuous               8         0.10       0.10600             5.0                    40   0.823661  0.908978
       fedavg_attack_a0.5_s0_e1_bad8_rho0p5_s0     0   continuous               8         0.50       0.10745             5.0                    40        NaN       NaN
  fedavg_attack_a0.5_s0_e1b_schedcontinuous_s0     0   continuous               4         0.10       0.10145             5.0                    40   0.587372  0.787309
       fedavg_attack_a0.5_s1_e1_bad1_rho0p5_s1     1   continuous               1         0.50       0.10700             5.0                    40        NaN       NaN
       fedavg_attack_a0.5_s1_e1_bad2_rho0p5_s1     1   continuous               2         0.50       0.10700             5.0                    40        NaN       NaN
       fedavg_attack_a0.5_s1_e1_bad4_rho0p1_s1     1   continuous               4         0.10       0.10355             5.0                    40        NaN       NaN
      fedavg_attack_a0.5_s1_e1_bad4_rho0p25_s1     1   continuous               4         0.25       0.11025             5.0                    40        NaN       NaN
       fedavg_attack_a0.5_s1_e1_bad4_rho0p5_s1     1   continuous               4         0.50       0.10260             5.0                    40        NaN       NaN
       fedavg_attack_a0.5_s1_e1_bad4_rho1p0_s1     1   continuous               4         1.00       0.10900             5.0                    40        NaN       NaN
       fedavg_attack_a0.5_s1_e1_bad8_rho0p5_s1     1   continuous               8         0.50       0.10925             5.0                    40        NaN       NaN
  fedavg_attack_a0.5_s1_e1b_schedcontinuous_s1     1   continuous               4         0.50       0.10260             5.0                    40        NaN       NaN
       fedavg_attack_a0.5_s0_e1b_schedearly_s0     0        early               4         0.10       0.10145             5.0                    11   0.103635  0.160395
       fedavg_attack_a0.5_s1_e1b_schedearly_s1     1        early               4         0.50       0.10260             5.0                    11        NaN       NaN
fedavg_attack_a0.5_s0_e1b_schedintermittent_s0     0 intermittent               4         0.10       0.13100            10.0                    20   0.311862  0.524872
fedavg_attack_a0.5_s1_e1b_schedintermittent_s1     1 intermittent               4         0.50       0.14200            10.0                    20        NaN       NaN
        fedavg_attack_a0.5_s0_e1b_schedlate_s0     0         late               4         0.10       0.56880           140.0                    13   0.724490  0.786352
        fedavg_attack_a0.5_s1_e1b_schedlate_s1     1         late               4         0.50       0.54525           140.0                    13        NaN       NaN
  读法：在 n_active_eval_rounds 相当的前提下比较不同 mta_at_onset 的 final_asr。
  投毒轮数差很多时不能直接比 —— 那就回到了剂量差异。
[analysis_exp1] 图 -> results/figs/exp1_E1_asr_vs_round.png
[analysis_exp1] 图 -> results/figs/exp1_E2_asr_vs_mta.png
[analysis_exp1] 图 -> results/figs/exp1_E4_dose_response.png
[analysis_exp1] 图 -> results/figs/exp1b_B1_schedules.png
[analysis_exp1] 图 -> results/figs/exp1b_B2_persistence.png
